[    2543ms] [LOG] JQMIGRATE: Migrate is installed, version 3.4.1 @ https://desagri.gov.in/wp-includes/js/jquery/jquery-migrate.min.js?ver=3.4.1:1
[    3121ms] TypeError: Cannot read properties of null (reading 'addEventListener')
    at https://desagri.gov.in/document-report-category/agriculture-statistics-at-a-glance/:1287:17
[    3130ms] [WARNING] jQuery.Deferred exception: Cannot read properties of undefined (reading 'length') TypeError: Cannot read properties of undefined (reading 'length')
    at new RmpMenu (https://desagri.gov.in/wp-content/plugins/responsive-menu/v4.0.0/assets/js/rmp-menu.js?ver=4.1.2:51:46)
    at HTMLDocument.<anonymous> (https://desagri.gov.in/wp-content/plugins/responsive-menu/v4.0.0/assets/js/rmp-menu.js?ver=4.1.2:359:13)
    at e (https://desagri.gov.in/wp-includes/js/jquery/jquery.min.js?ver=3.7.1:2:27028)
    at t (https://desagri.gov.in/wp-includes/js/jquery/jquery.min.js?ver=3.7.1:2:27330) undefined @ https://desagri.gov.in/wp-includes/js/jquery/jquery.min.js?ver=3.7.1:1
[    3147ms] [WARNING] jQuery.Deferred exception: Illegal invocation TypeError: Illegal invocation
    at e (https://desagri.gov.in/wp-includes/js/jquery/jquery.min.js?ver=3.7.1:2:27028)
    at t (https://desagri.gov.in/wp-includes/js/jquery/jquery.min.js?ver=3.7.1:2:27330) undefined @ https://desagri.gov.in/wp-includes/js/jquery/jquery.min.js?ver=3.7.1:1
[    3147ms] [WARNING] jQuery.Deferred exception: Illegal invocation TypeError: Illegal invocation
    at e (https://desagri.gov.in/wp-includes/js/jquery/jquery.min.js?ver=3.7.1:2:27028)
    at t (https://desagri.gov.in/wp-includes/js/jquery/jquery.min.js?ver=3.7.1:2:27330) undefined @ https://desagri.gov.in/wp-includes/js/jquery/jquery.min.js?ver=3.7.1:1
[    3147ms] [WARNING] jQuery.Deferred exception: Illegal invocation TypeError: Illegal invocation
    at e (https://desagri.gov.in/wp-includes/js/jquery/jquery.min.js?ver=3.7.1:2:27028)
    at t (https://desagri.gov.in/wp-includes/js/jquery/jquery.min.js?ver=3.7.1:2:27330) undefined @ https://desagri.gov.in/wp-includes/js/jquery/jquery.min.js?ver=3.7.1:1
[    3147ms] [WARNING] jQuery.Deferred exception: Illegal invocation TypeError: Illegal invocation
    at e (https://desagri.gov.in/wp-includes/js/jquery/jquery.min.js?ver=3.7.1:2:27028)
    at t (https://desagri.gov.in/wp-includes/js/jquery/jquery.min.js?ver=3.7.1:2:27330) undefined @ https://desagri.gov.in/wp-includes/js/jquery/jquery.min.js?ver=3.7.1:1
[    3148ms] TypeError: Cannot read properties of undefined (reading 'length')
    at new RmpMenu (https://desagri.gov.in/wp-content/plugins/responsive-menu/v4.0.0/assets/js/rmp-menu.js?ver=4.1.2:51:46)
    at HTMLDocument.<anonymous> (https://desagri.gov.in/wp-content/plugins/responsive-menu/v4.0.0/assets/js/rmp-menu.js?ver=4.1.2:359:13)
    at e (https://desagri.gov.in/wp-includes/js/jquery/jquery.min.js?ver=3.7.1:2:27028)
    at t (https://desagri.gov.in/wp-includes/js/jquery/jquery.min.js?ver=3.7.1:2:27330)
[    3148ms] Error: createGallery Error: invalid html structure
    at Module.k (https://desagri.gov.in/wp-content/themes/doatheme/assets/mibreit-gallery/mibreitGallery.min.js:1:24990)
    at HTMLDocument.<anonymous> (https://desagri.gov.in/document-report-category/agriculture-statistics-at-a-glance/:1350:42)
    at e (https://desagri.gov.in/wp-includes/js/jquery/jquery.min.js?ver=3.7.1:2:27028)
    at t (https://desagri.gov.in/wp-includes/js/jquery/jquery.min.js?ver=3.7.1:2:27330)
[    3148ms] TypeError: Illegal invocation
    at e (https://desagri.gov.in/wp-includes/js/jquery/jquery.min.js?ver=3.7.1:2:27028)
    at t (https://desagri.gov.in/wp-includes/js/jquery/jquery.min.js?ver=3.7.1:2:27330)
[    3148ms] TypeError: Illegal invocation
    at e (https://desagri.gov.in/wp-includes/js/jquery/jquery.min.js?ver=3.7.1:2:27028)
    at t (https://desagri.gov.in/wp-includes/js/jquery/jquery.min.js?ver=3.7.1:2:27330)
[    3148ms] TypeError: Illegal invocation
    at e (https://desagri.gov.in/wp-includes/js/jquery/jquery.min.js?ver=3.7.1:2:27028)
    at t (https://desagri.gov.in/wp-includes/js/jquery/jquery.min.js?ver=3.7.1:2:27330)
[    3148ms] TypeError: Illegal invocation
    at e (https://desagri.gov.in/wp-includes/js/jquery/jquery.min.js?ver=3.7.1:2:27028)
    at t (https://desagri.gov.in/wp-includes/js/jquery/jquery.min.js?ver=3.7.1:2:27330)
[    3289ms] TypeError: Cannot read properties of null (reading 'removeAttribute')
    at PopUp (https://desagri.gov.in/document-report-category/agriculture-statistics-at-a-glance/:501:47)
    at https://desagri.gov.in/document-report-category/agriculture-statistics-at-a-glance/:505:9
[   83439ms] [LOG] 202422document-report-category @ https://desagri.gov.in/document-report-category/agriculture-statistics-at-a-glance/:1523
