[   28187ms] [LOG] changed @ https://www.data.desagri.gov.in/js/custom.js:58
[   28188ms] [LOG] changed @ https://www.data.desagri.gov.in/js/custom.js:58
[   28188ms] [LOG] changed @ https://www.data.desagri.gov.in/js/custom.js:58
[   28363ms] TypeError: Cannot set properties of null (setting 'innerHTML')
    at callBacksOnresponse (https://www.data.desagri.gov.in/js/custom-rl.js:131:68)
    at xmlhttp.onreadystatechange (https://www.data.desagri.gov.in/js/custom-rl.js:15:7)
[   72900ms] [LOG] JQMIGRATE: Migrate is installed, version 3.4.1 @ https://desagri.gov.in/wp-includes/js/jquery/jquery-migrate.min.js?ver=3.4.1:1
[   72925ms] TypeError: Cannot read properties of null (reading 'addEventListener')
    at https://desagri.gov.in/document-report-category/agriculture-statistics-at-a-glance/:1287:17
[   72933ms] [WARNING] jQuery.Deferred exception: Cannot read properties of undefined (reading 'length') TypeError: Cannot read properties of undefined (reading 'length')
    at new RmpMenu (https://desagri.gov.in/wp-content/plugins/responsive-menu/v4.0.0/assets/js/rmp-menu.js?ver=4.1.2:51:46)
    at HTMLDocument.<anonymous> (https://desagri.gov.in/wp-content/plugins/responsive-menu/v4.0.0/assets/js/rmp-menu.js?ver=4.1.2:359:13)
    at e (https://desagri.gov.in/wp-includes/js/jquery/jquery.min.js?ver=3.7.1:2:27028)
    at https://desagri.gov.in/wp-includes/js/jquery/jquery.min.js?ver=3.7.1:2:27330 undefined @ https://desagri.gov.in/wp-includes/js/jquery/jquery.min.js?ver=3.7.1:1
[   72938ms] [WARNING] jQuery.Deferred exception: Illegal invocation TypeError: Illegal invocation
    at e (https://desagri.gov.in/wp-includes/js/jquery/jquery.min.js?ver=3.7.1:2:27028)
    at https://desagri.gov.in/wp-includes/js/jquery/jquery.min.js?ver=3.7.1:2:27330 undefined @ https://desagri.gov.in/wp-includes/js/jquery/jquery.min.js?ver=3.7.1:1
[   72939ms] [WARNING] jQuery.Deferred exception: Illegal invocation TypeError: Illegal invocation
    at e (https://desagri.gov.in/wp-includes/js/jquery/jquery.min.js?ver=3.7.1:2:27028)
    at https://desagri.gov.in/wp-includes/js/jquery/jquery.min.js?ver=3.7.1:2:27330 undefined @ https://desagri.gov.in/wp-includes/js/jquery/jquery.min.js?ver=3.7.1:1
[   72939ms] [WARNING] jQuery.Deferred exception: Illegal invocation TypeError: Illegal invocation
    at e (https://desagri.gov.in/wp-includes/js/jquery/jquery.min.js?ver=3.7.1:2:27028)
    at https://desagri.gov.in/wp-includes/js/jquery/jquery.min.js?ver=3.7.1:2:27330 undefined @ https://desagri.gov.in/wp-includes/js/jquery/jquery.min.js?ver=3.7.1:1
[   72939ms] [WARNING] jQuery.Deferred exception: Illegal invocation TypeError: Illegal invocation
    at e (https://desagri.gov.in/wp-includes/js/jquery/jquery.min.js?ver=3.7.1:2:27028)
    at https://desagri.gov.in/wp-includes/js/jquery/jquery.min.js?ver=3.7.1:2:27330 undefined @ https://desagri.gov.in/wp-includes/js/jquery/jquery.min.js?ver=3.7.1:1
[   72940ms] TypeError: Cannot read properties of undefined (reading 'length')
    at new RmpMenu (https://desagri.gov.in/wp-content/plugins/responsive-menu/v4.0.0/assets/js/rmp-menu.js?ver=4.1.2:51:46)
    at HTMLDocument.<anonymous> (https://desagri.gov.in/wp-content/plugins/responsive-menu/v4.0.0/assets/js/rmp-menu.js?ver=4.1.2:359:13)
    at e (https://desagri.gov.in/wp-includes/js/jquery/jquery.min.js?ver=3.7.1:2:27028)
    at https://desagri.gov.in/wp-includes/js/jquery/jquery.min.js?ver=3.7.1:2:27330
[   72940ms] Error: createGallery Error: invalid html structure
    at Module.k (https://desagri.gov.in/wp-content/themes/doatheme/assets/mibreit-gallery/mibreitGallery.min.js:1:24990)
    at HTMLDocument.<anonymous> (https://desagri.gov.in/document-report-category/agriculture-statistics-at-a-glance/:1350:42)
    at e (https://desagri.gov.in/wp-includes/js/jquery/jquery.min.js?ver=3.7.1:2:27028)
    at https://desagri.gov.in/wp-includes/js/jquery/jquery.min.js?ver=3.7.1:2:27330
[   72940ms] TypeError: Illegal invocation
    at e (https://desagri.gov.in/wp-includes/js/jquery/jquery.min.js?ver=3.7.1:2:27028)
    at https://desagri.gov.in/wp-includes/js/jquery/jquery.min.js?ver=3.7.1:2:27330
[   72940ms] TypeError: Illegal invocation
    at e (https://desagri.gov.in/wp-includes/js/jquery/jquery.min.js?ver=3.7.1:2:27028)
    at https://desagri.gov.in/wp-includes/js/jquery/jquery.min.js?ver=3.7.1:2:27330
[   72940ms] TypeError: Illegal invocation
    at e (https://desagri.gov.in/wp-includes/js/jquery/jquery.min.js?ver=3.7.1:2:27028)
    at https://desagri.gov.in/wp-includes/js/jquery/jquery.min.js?ver=3.7.1:2:27330
[   72940ms] TypeError: Illegal invocation
    at e (https://desagri.gov.in/wp-includes/js/jquery/jquery.min.js?ver=3.7.1:2:27028)
    at https://desagri.gov.in/wp-includes/js/jquery/jquery.min.js?ver=3.7.1:2:27330
[   73032ms] TypeError: Cannot read properties of null (reading 'removeAttribute')
    at PopUp (https://desagri.gov.in/document-report-category/agriculture-statistics-at-a-glance/:501:47)
    at https://desagri.gov.in/document-report-category/agriculture-statistics-at-a-glance/:505:9
