[    6951ms] Identifier 'numberToFixedDecimal' has already been declared
[    6953ms] Identifier 'dataSourcedft' has already been declared
[    6954ms] Identifier 'dataSourcedftsw' has already been declared
[    6956ms] Identifier 'baseYear1' has already been declared
[    6956ms] Identifier 'base_year' has already been declared
[    6957ms] Identifier 'filterbycropcountry' has already been declared
[   12654ms] [ERROR] **************************************************************************************************************** @ https://dash.upag.gov.in/assets/ag-grid.js?m=1786429220.0:0
[   12654ms] [ERROR] ***************************************** AG Grid Enterprise License ******************************************* @ https://dash.upag.gov.in/assets/ag-grid.js?m=1786429220.0:0
[   12654ms] [ERROR] ****************************************** License Key Not Found *********************************************** @ https://dash.upag.gov.in/assets/ag-grid.js?m=1786429220.0:0
[   12654ms] [ERROR] * All AG Grid Enterprise features are unlocked.                                                                * @ https://dash.upag.gov.in/assets/ag-grid.js?m=1786429220.0:0
[   12655ms] [ERROR] * This is an evaluation only version, it is not licensed for development projects intended for production.     * @ https://dash.upag.gov.in/assets/ag-grid.js?m=1786429220.0:0
[   12655ms] [ERROR] * If you want to hide the watermark, please email info@ag-grid.com for a trial license.                        * @ https://dash.upag.gov.in/assets/ag-grid.js?m=1786429220.0:0
[   12655ms] [ERROR] **************************************************************************************************************** @ https://dash.upag.gov.in/assets/ag-grid.js?m=1786429220.0:0
[   12655ms] [ERROR] **************************************************************************************************************** @ https://dash.upag.gov.in/assets/ag-grid.js?m=1786429220.0:0
[   12658ms] [WARNING] AG Grid: since v27, 'suppressCellSelection' is deprecated. Please use 'suppressCellFocus' instead.  @ https://dash.upag.gov.in/assets/ag-grid.js?m=1786429220.0:0
[   12661ms] [WARNING] AG Grid: invalid gridOptions property 'suppressTabbing' did you mean any of these: suppressLoadingOverlay, suppressMaintainUnsortedOrder, suppressRowVirtualisation, suppressMultiRangeSelection, suppressFieldDotNotation, suppressChartToolPanelsButton, suppressColumnVirtualisation, suppressMoveWhenRowDragging @ https://dash.upag.gov.in/assets/ag-grid.js?m=1786429220.0:0
[   12661ms] [WARNING] AG Grid: invalid gridOptions property 'rowDeselection' did you mean any of these: suppressRowDeselection, rowSelection, suppressRowClickSelection, removePivotHeaderRowWhenSingleValueColumn, suppressMaxRenderedRowRestriction, rowDragMultiRow, suppressModelUpdateAfterUpdateTransaction, groupRowRendererFramework @ https://dash.upag.gov.in/assets/ag-grid.js?m=1786429220.0:0
[   12661ms] [WARNING] AG Grid: to see all the valid gridOptions properties please check: https://www.ag-grid.com/javascript-data-grid/grid-options/ @ https://dash.upag.gov.in/assets/ag-grid.js?m=1786429220.0:0
[   12662ms] [WARNING] AG Grid: invalid colDef property 'Value' did you mean any of these: valueGetter, valueSetter, valueFormatter, valueParser, pivotValueColumn, headerValueGetter, enableValue, filterValueGetter @ https://dash.upag.gov.in/assets/ag-grid.js?m=1786429220.0:0
[   12662ms] [WARNING] AG Grid: to see all the valid colDef properties please check: https://www.ag-grid.com/javascript-data-grid/column-properties/ @ https://dash.upag.gov.in/assets/ag-grid.js?m=1786429220.0:0
[   12688ms] [WARNING] AG Grid: Group Column Filter does not work with the colDef property "filterParams". This property will be ignored. @ https://dash.upag.gov.in/assets/ag-grid.js?m=1786429220.0:0
