[   17958ms] Identifier 'numberToFixedDecimal' has already been declared
[   17961ms] Identifier 'dataSourcedft' has already been declared
[   17961ms] Identifier 'dataSourcedftsw' has already been declared
[   17990ms] Identifier 'baseYear1' has already been declared
[   17990ms] Identifier 'base_year' has already been declared
[   17990ms] Identifier 'filterbycropcountry' has already been declared
[   25761ms] [ERROR] **************************************************************************************************************** @ https://dash.upag.gov.in/assets/ag-grid.js?m=1786429220.0:0
[   25761ms] [ERROR] ***************************************** AG Grid Enterprise License ******************************************* @ https://dash.upag.gov.in/assets/ag-grid.js?m=1786429220.0:0
[   25761ms] [ERROR] ****************************************** License Key Not Found *********************************************** @ https://dash.upag.gov.in/assets/ag-grid.js?m=1786429220.0:0
[   25761ms] [ERROR] * All AG Grid Enterprise features are unlocked.                                                                * @ https://dash.upag.gov.in/assets/ag-grid.js?m=1786429220.0:0
[   25761ms] [ERROR] * This is an evaluation only version, it is not licensed for development projects intended for production.     * @ https://dash.upag.gov.in/assets/ag-grid.js?m=1786429220.0:0
[   25762ms] [ERROR] * If you want to hide the watermark, please email info@ag-grid.com for a trial license.                        * @ https://dash.upag.gov.in/assets/ag-grid.js?m=1786429220.0:0
[   25762ms] [ERROR] **************************************************************************************************************** @ https://dash.upag.gov.in/assets/ag-grid.js?m=1786429220.0:0
[   25762ms] [ERROR] **************************************************************************************************************** @ https://dash.upag.gov.in/assets/ag-grid.js?m=1786429220.0:0
[   25763ms] [WARNING] AG Grid: since v27, 'suppressCellSelection' is deprecated. Please use 'suppressCellFocus' instead.  @ https://dash.upag.gov.in/assets/ag-grid.js?m=1786429220.0:0
[   25766ms] [WARNING] AG Grid: invalid gridOptions property 'suppressTabbing' did you mean any of these: suppressLoadingOverlay, suppressMaintainUnsortedOrder, suppressRowVirtualisation, suppressMultiRangeSelection, suppressFieldDotNotation, suppressChartToolPanelsButton, suppressColumnVirtualisation, suppressMoveWhenRowDragging @ https://dash.upag.gov.in/assets/ag-grid.js?m=1786429220.0:0
[   25766ms] [WARNING] AG Grid: invalid gridOptions property 'rowDeselection' did you mean any of these: suppressRowDeselection, rowSelection, suppressRowClickSelection, removePivotHeaderRowWhenSingleValueColumn, suppressMaxRenderedRowRestriction, rowDragMultiRow, suppressModelUpdateAfterUpdateTransaction, groupRowRendererFramework @ https://dash.upag.gov.in/assets/ag-grid.js?m=1786429220.0:0
[   25766ms] [WARNING] AG Grid: to see all the valid gridOptions properties please check: https://www.ag-grid.com/javascript-data-grid/grid-options/ @ https://dash.upag.gov.in/assets/ag-grid.js?m=1786429220.0:0
[   25766ms] [WARNING] AG Grid: invalid colDef property 'Value' did you mean any of these: valueGetter, valueSetter, valueFormatter, valueParser, pivotValueColumn, headerValueGetter, enableValue, filterValueGetter @ https://dash.upag.gov.in/assets/ag-grid.js?m=1786429220.0:0
[   25766ms] [WARNING] AG Grid: to see all the valid colDef properties please check: https://www.ag-grid.com/javascript-data-grid/column-properties/ @ https://dash.upag.gov.in/assets/ag-grid.js?m=1786429220.0:0
[   25767ms] [WARNING] AG Grid: invalid colDef property 'Value' did you mean any of these: valueGetter, valueSetter, valueFormatter, valueParser, pivotValueColumn, headerValueGetter, enableValue, filterValueGetter @ https://dash.upag.gov.in/assets/ag-grid.js?m=1786429220.0:0
[   25767ms] [WARNING] AG Grid: to see all the valid colDef properties please check: https://www.ag-grid.com/javascript-data-grid/column-properties/ @ https://dash.upag.gov.in/assets/ag-grid.js?m=1786429220.0:0
[   25782ms] [WARNING] AG Grid: Group Column Filter does not work with the colDef property "filterParams". This property will be ignored. @ https://dash.upag.gov.in/assets/ag-grid.js?m=1786429220.0:0
[   25799ms] [ERROR] **************************************************************************************************************** @ https://dash.upag.gov.in/assets/ag-grid.js?m=1786429220.0:0
[   25799ms] [ERROR] ***************************************** AG Grid Enterprise License ******************************************* @ https://dash.upag.gov.in/assets/ag-grid.js?m=1786429220.0:0
[   25799ms] [ERROR] ****************************************** License Key Not Found *********************************************** @ https://dash.upag.gov.in/assets/ag-grid.js?m=1786429220.0:0
[   25799ms] [ERROR] * All AG Grid Enterprise features are unlocked.                                                                * @ https://dash.upag.gov.in/assets/ag-grid.js?m=1786429220.0:0
[   25799ms] [ERROR] * This is an evaluation only version, it is not licensed for development projects intended for production.     * @ https://dash.upag.gov.in/assets/ag-grid.js?m=1786429220.0:0
[   25799ms] [ERROR] * If you want to hide the watermark, please email info@ag-grid.com for a trial license.                        * @ https://dash.upag.gov.in/assets/ag-grid.js?m=1786429220.0:0
[   25800ms] [ERROR] **************************************************************************************************************** @ https://dash.upag.gov.in/assets/ag-grid.js?m=1786429220.0:0
[   25800ms] [ERROR] **************************************************************************************************************** @ https://dash.upag.gov.in/assets/ag-grid.js?m=1786429220.0:0
[   25802ms] [WARNING] AG Grid: invalid gridOptions property 'suppressTabbing' did you mean any of these: suppressLoadingOverlay, suppressMaintainUnsortedOrder, suppressRowVirtualisation, suppressMultiRangeSelection, suppressFieldDotNotation, suppressChartToolPanelsButton, suppressColumnVirtualisation, suppressMoveWhenRowDragging @ https://dash.upag.gov.in/assets/ag-grid.js?m=1786429220.0:0
[   25802ms] [WARNING] AG Grid: invalid gridOptions property 'rowDeselection' did you mean any of these: suppressRowDeselection, rowSelection, suppressRowClickSelection, removePivotHeaderRowWhenSingleValueColumn, suppressMaxRenderedRowRestriction, rowDragMultiRow, suppressModelUpdateAfterUpdateTransaction, groupRowRendererFramework @ https://dash.upag.gov.in/assets/ag-grid.js?m=1786429220.0:0
[   25802ms] [WARNING] AG Grid: to see all the valid gridOptions properties please check: https://www.ag-grid.com/javascript-data-grid/grid-options/ @ https://dash.upag.gov.in/assets/ag-grid.js?m=1786429220.0:0
[   25802ms] [WARNING] AG Grid: invalid colDef property 'Value' did you mean any of these: valueGetter, valueSetter, valueFormatter, valueParser, pivotValueColumn, headerValueGetter, enableValue, filterValueGetter @ https://dash.upag.gov.in/assets/ag-grid.js?m=1786429220.0:0
[   25803ms] [WARNING] AG Grid: to see all the valid colDef properties please check: https://www.ag-grid.com/javascript-data-grid/column-properties/ @ https://dash.upag.gov.in/assets/ag-grid.js?m=1786429220.0:0
[   25803ms] [WARNING] AG Grid: invalid colDef property 'Value' did you mean any of these: valueGetter, valueSetter, valueFormatter, valueParser, pivotValueColumn, headerValueGetter, enableValue, filterValueGetter @ https://dash.upag.gov.in/assets/ag-grid.js?m=1786429220.0:0
[   25803ms] [WARNING] AG Grid: to see all the valid colDef properties please check: https://www.ag-grid.com/javascript-data-grid/column-properties/ @ https://dash.upag.gov.in/assets/ag-grid.js?m=1786429220.0:0
[   25822ms] [ERROR] **************************************************************************************************************** @ https://dash.upag.gov.in/assets/ag-grid.js?m=1786429220.0:0
[   25822ms] [ERROR] ***************************************** AG Grid Enterprise License ******************************************* @ https://dash.upag.gov.in/assets/ag-grid.js?m=1786429220.0:0
[   25822ms] [ERROR] ****************************************** License Key Not Found *********************************************** @ https://dash.upag.gov.in/assets/ag-grid.js?m=1786429220.0:0
[   25822ms] [ERROR] * All AG Grid Enterprise features are unlocked.                                                                * @ https://dash.upag.gov.in/assets/ag-grid.js?m=1786429220.0:0
[   25822ms] [ERROR] * This is an evaluation only version, it is not licensed for development projects intended for production.     * @ https://dash.upag.gov.in/assets/ag-grid.js?m=1786429220.0:0
[   25822ms] [ERROR] * If you want to hide the watermark, please email info@ag-grid.com for a trial license.                        * @ https://dash.upag.gov.in/assets/ag-grid.js?m=1786429220.0:0
[   25822ms] [ERROR] **************************************************************************************************************** @ https://dash.upag.gov.in/assets/ag-grid.js?m=1786429220.0:0
[   25823ms] [ERROR] **************************************************************************************************************** @ https://dash.upag.gov.in/assets/ag-grid.js?m=1786429220.0:0
[   25824ms] [WARNING] AG Grid: invalid gridOptions property 'suppressTabbing' did you mean any of these: suppressLoadingOverlay, suppressMaintainUnsortedOrder, suppressRowVirtualisation, suppressMultiRangeSelection, suppressFieldDotNotation, suppressChartToolPanelsButton, suppressColumnVirtualisation, suppressMoveWhenRowDragging @ https://dash.upag.gov.in/assets/ag-grid.js?m=1786429220.0:0
[   25824ms] [WARNING] AG Grid: invalid gridOptions property 'rowDeselection' did you mean any of these: suppressRowDeselection, rowSelection, suppressRowClickSelection, removePivotHeaderRowWhenSingleValueColumn, suppressMaxRenderedRowRestriction, rowDragMultiRow, suppressModelUpdateAfterUpdateTransaction, groupRowRendererFramework @ https://dash.upag.gov.in/assets/ag-grid.js?m=1786429220.0:0
[   25825ms] [WARNING] AG Grid: to see all the valid gridOptions properties please check: https://www.ag-grid.com/javascript-data-grid/grid-options/ @ https://dash.upag.gov.in/assets/ag-grid.js?m=1786429220.0:0
[   25825ms] [WARNING] AG Grid: invalid colDef property 'Value' did you mean any of these: valueGetter, valueSetter, valueFormatter, valueParser, pivotValueColumn, headerValueGetter, enableValue, filterValueGetter @ https://dash.upag.gov.in/assets/ag-grid.js?m=1786429220.0:0
[   25825ms] [WARNING] AG Grid: to see all the valid colDef properties please check: https://www.ag-grid.com/javascript-data-grid/column-properties/ @ https://dash.upag.gov.in/assets/ag-grid.js?m=1786429220.0:0
[   25826ms] [WARNING] AG Grid: invalid colDef property 'Value' did you mean any of these: valueGetter, valueSetter, valueFormatter, valueParser, pivotValueColumn, headerValueGetter, enableValue, filterValueGetter @ https://dash.upag.gov.in/assets/ag-grid.js?m=1786429220.0:0
[   25826ms] [WARNING] AG Grid: to see all the valid colDef properties please check: https://www.ag-grid.com/javascript-data-grid/column-properties/ @ https://dash.upag.gov.in/assets/ag-grid.js?m=1786429220.0:0
[   25840ms] [ERROR] **************************************************************************************************************** @ https://dash.upag.gov.in/assets/ag-grid.js?m=1786429220.0:0
[   25840ms] [ERROR] ***************************************** AG Grid Enterprise License ******************************************* @ https://dash.upag.gov.in/assets/ag-grid.js?m=1786429220.0:0
[   25840ms] [ERROR] ****************************************** License Key Not Found *********************************************** @ https://dash.upag.gov.in/assets/ag-grid.js?m=1786429220.0:0
[   25840ms] [ERROR] * All AG Grid Enterprise features are unlocked.                                                                * @ https://dash.upag.gov.in/assets/ag-grid.js?m=1786429220.0:0
[   25841ms] [ERROR] * This is an evaluation only version, it is not licensed for development projects intended for production.     * @ https://dash.upag.gov.in/assets/ag-grid.js?m=1786429220.0:0
[   25841ms] [ERROR] * If you want to hide the watermark, please email info@ag-grid.com for a trial license.                        * @ https://dash.upag.gov.in/assets/ag-grid.js?m=1786429220.0:0
[   25841ms] [ERROR] **************************************************************************************************************** @ https://dash.upag.gov.in/assets/ag-grid.js?m=1786429220.0:0
[   25841ms] [ERROR] **************************************************************************************************************** @ https://dash.upag.gov.in/assets/ag-grid.js?m=1786429220.0:0
[   25843ms] [WARNING] AG Grid: invalid gridOptions property 'suppressTabbing' did you mean any of these: suppressLoadingOverlay, suppressMaintainUnsortedOrder, suppressRowVirtualisation, suppressMultiRangeSelection, suppressFieldDotNotation, suppressChartToolPanelsButton, suppressColumnVirtualisation, suppressMoveWhenRowDragging @ https://dash.upag.gov.in/assets/ag-grid.js?m=1786429220.0:0
[   25843ms] [WARNING] AG Grid: invalid gridOptions property 'rowDeselection' did you mean any of these: suppressRowDeselection, rowSelection, suppressRowClickSelection, removePivotHeaderRowWhenSingleValueColumn, suppressMaxRenderedRowRestriction, rowDragMultiRow, suppressModelUpdateAfterUpdateTransaction, groupRowRendererFramework @ https://dash.upag.gov.in/assets/ag-grid.js?m=1786429220.0:0
[   25843ms] [WARNING] AG Grid: to see all the valid gridOptions properties please check: https://www.ag-grid.com/javascript-data-grid/grid-options/ @ https://dash.upag.gov.in/assets/ag-grid.js?m=1786429220.0:0
[   25843ms] [WARNING] AG Grid: invalid colDef property 'Value' did you mean any of these: valueGetter, valueSetter, valueFormatter, valueParser, pivotValueColumn, headerValueGetter, enableValue, filterValueGetter @ https://dash.upag.gov.in/assets/ag-grid.js?m=1786429220.0:0
[   25843ms] [WARNING] AG Grid: to see all the valid colDef properties please check: https://www.ag-grid.com/javascript-data-grid/column-properties/ @ https://dash.upag.gov.in/assets/ag-grid.js?m=1786429220.0:0
[   25844ms] [WARNING] AG Grid: invalid colDef property 'Value' did you mean any of these: valueGetter, valueSetter, valueFormatter, valueParser, pivotValueColumn, headerValueGetter, enableValue, filterValueGetter @ https://dash.upag.gov.in/assets/ag-grid.js?m=1786429220.0:0
[   25844ms] [WARNING] AG Grid: to see all the valid colDef properties please check: https://www.ag-grid.com/javascript-data-grid/column-properties/ @ https://dash.upag.gov.in/assets/ag-grid.js?m=1786429220.0:0
[   27624ms] [WARNING] AG Grid: setFilterModel() - no column found for colId: 0 @ https://dash.upag.gov.in/assets/ag-grid.js?m=1786429220.0:0
[   27624ms] [WARNING] AG Grid: setFilterModel() - no column found for colId: 1 @ https://dash.upag.gov.in/assets/ag-grid.js?m=1786429220.0:0
[   27624ms] [WARNING] AG Grid: setFilterModel() - no column found for colId: 2 @ https://dash.upag.gov.in/assets/ag-grid.js?m=1786429220.0:0
[   27624ms] [WARNING] AG Grid: setFilterModel() - no column found for colId: 3 @ https://dash.upag.gov.in/assets/ag-grid.js?m=1786429220.0:0
[   27624ms] [WARNING] AG Grid: setFilterModel() - no column found for colId: 4 @ https://dash.upag.gov.in/assets/ag-grid.js?m=1786429220.0:0
[   27624ms] [WARNING] AG Grid: setFilterModel() - no column found for colId: 5 @ https://dash.upag.gov.in/assets/ag-grid.js?m=1786429220.0:0
[   27625ms] [WARNING] AG Grid: setFilterModel() - no column found for colId: 6 @ https://dash.upag.gov.in/assets/ag-grid.js?m=1786429220.0:0
[   27625ms] [WARNING] AG Grid: setFilterModel() - no column found for colId: 7 @ https://dash.upag.gov.in/assets/ag-grid.js?m=1786429220.0:0
[   27625ms] [WARNING] AG Grid: setFilterModel() - no column found for colId: 8 @ https://dash.upag.gov.in/assets/ag-grid.js?m=1786429220.0:0
[   27625ms] [WARNING] AG Grid: setFilterModel() - no column found for colId: 9 @ https://dash.upag.gov.in/assets/ag-grid.js?m=1786429220.0:0
[   27625ms] [WARNING] AG Grid: setFilterModel() - no column found for colId: 10 @ https://dash.upag.gov.in/assets/ag-grid.js?m=1786429220.0:0
[   27625ms] [WARNING] AG Grid: setFilterModel() - no column found for colId: 11 @ https://dash.upag.gov.in/assets/ag-grid.js?m=1786429220.0:0
[   27625ms] [WARNING] AG Grid: setFilterModel() - no column found for colId: 12 @ https://dash.upag.gov.in/assets/ag-grid.js?m=1786429220.0:0
[   27625ms] [WARNING] AG Grid: setFilterModel() - no column found for colId: 13 @ https://dash.upag.gov.in/assets/ag-grid.js?m=1786429220.0:0
[   27625ms] [WARNING] AG Grid: setFilterModel() - no column found for colId: 14 @ https://dash.upag.gov.in/assets/ag-grid.js?m=1786429220.0:0
[   27625ms] [WARNING] AG Grid: setFilterModel() - no column found for colId: 15 @ https://dash.upag.gov.in/assets/ag-grid.js?m=1786429220.0:0
[   27626ms] [WARNING] AG Grid: setFilterModel() - no column found for colId: 0 @ https://dash.upag.gov.in/assets/ag-grid.js?m=1786429220.0:0
[   27626ms] [WARNING] AG Grid: setFilterModel() - no column found for colId: 1 @ https://dash.upag.gov.in/assets/ag-grid.js?m=1786429220.0:0
[   27626ms] [WARNING] AG Grid: setFilterModel() - no column found for colId: 2 @ https://dash.upag.gov.in/assets/ag-grid.js?m=1786429220.0:0
[   27626ms] [WARNING] AG Grid: setFilterModel() - no column found for colId: 3 @ https://dash.upag.gov.in/assets/ag-grid.js?m=1786429220.0:0
[   27626ms] [WARNING] AG Grid: setFilterModel() - no column found for colId: 4 @ https://dash.upag.gov.in/assets/ag-grid.js?m=1786429220.0:0
[   27626ms] [WARNING] AG Grid: setFilterModel() - no column found for colId: 5 @ https://dash.upag.gov.in/assets/ag-grid.js?m=1786429220.0:0
[   27626ms] [WARNING] AG Grid: setFilterModel() - no column found for colId: 6 @ https://dash.upag.gov.in/assets/ag-grid.js?m=1786429220.0:0
[   27626ms] [WARNING] AG Grid: setFilterModel() - no column found for colId: 7 @ https://dash.upag.gov.in/assets/ag-grid.js?m=1786429220.0:0
[   27626ms] [WARNING] AG Grid: setFilterModel() - no column found for colId: 8 @ https://dash.upag.gov.in/assets/ag-grid.js?m=1786429220.0:0
[   27626ms] [WARNING] AG Grid: setFilterModel() - no column found for colId: 9 @ https://dash.upag.gov.in/assets/ag-grid.js?m=1786429220.0:0
[   27626ms] [WARNING] AG Grid: setFilterModel() - no column found for colId: 10 @ https://dash.upag.gov.in/assets/ag-grid.js?m=1786429220.0:0
[   27626ms] [WARNING] AG Grid: setFilterModel() - no column found for colId: 11 @ https://dash.upag.gov.in/assets/ag-grid.js?m=1786429220.0:0
[   27627ms] [WARNING] AG Grid: setFilterModel() - no column found for colId: 12 @ https://dash.upag.gov.in/assets/ag-grid.js?m=1786429220.0:0
[   27627ms] [WARNING] AG Grid: setFilterModel() - no column found for colId: 13 @ https://dash.upag.gov.in/assets/ag-grid.js?m=1786429220.0:0
[   27627ms] [WARNING] AG Grid: setFilterModel() - no column found for colId: 14 @ https://dash.upag.gov.in/assets/ag-grid.js?m=1786429220.0:0
[   27627ms] [WARNING] AG Grid: setFilterModel() - no column found for colId: 15 @ https://dash.upag.gov.in/assets/ag-grid.js?m=1786429220.0:0
[   27627ms] [WARNING] AG Grid: setFilterModel() - no column found for colId: 0 @ https://dash.upag.gov.in/assets/ag-grid.js?m=1786429220.0:0
[   27627ms] [WARNING] AG Grid: setFilterModel() - no column found for colId: 1 @ https://dash.upag.gov.in/assets/ag-grid.js?m=1786429220.0:0
[   27628ms] [WARNING] AG Grid: setFilterModel() - no column found for colId: 2 @ https://dash.upag.gov.in/assets/ag-grid.js?m=1786429220.0:0
[   27628ms] [WARNING] AG Grid: setFilterModel() - no column found for colId: 3 @ https://dash.upag.gov.in/assets/ag-grid.js?m=1786429220.0:0
[   27628ms] [WARNING] AG Grid: setFilterModel() - no column found for colId: 4 @ https://dash.upag.gov.in/assets/ag-grid.js?m=1786429220.0:0
[   27628ms] [WARNING] AG Grid: setFilterModel() - no column found for colId: 5 @ https://dash.upag.gov.in/assets/ag-grid.js?m=1786429220.0:0
[   27628ms] [WARNING] AG Grid: setFilterModel() - no column found for colId: 6 @ https://dash.upag.gov.in/assets/ag-grid.js?m=1786429220.0:0
[   27628ms] [WARNING] AG Grid: setFilterModel() - no column found for colId: 7 @ https://dash.upag.gov.in/assets/ag-grid.js?m=1786429220.0:0
[   27628ms] [WARNING] AG Grid: setFilterModel() - no column found for colId: 8 @ https://dash.upag.gov.in/assets/ag-grid.js?m=1786429220.0:0
[   27628ms] [WARNING] AG Grid: setFilterModel() - no column found for colId: 9 @ https://dash.upag.gov.in/assets/ag-grid.js?m=1786429220.0:0
[   27628ms] [WARNING] AG Grid: setFilterModel() - no column found for colId: 10 @ https://dash.upag.gov.in/assets/ag-grid.js?m=1786429220.0:0
[   27628ms] [WARNING] AG Grid: setFilterModel() - no column found for colId: 11 @ https://dash.upag.gov.in/assets/ag-grid.js?m=1786429220.0:0
[   27628ms] [WARNING] AG Grid: setFilterModel() - no column found for colId: 12 @ https://dash.upag.gov.in/assets/ag-grid.js?m=1786429220.0:0
[   27628ms] [WARNING] AG Grid: setFilterModel() - no column found for colId: 13 @ https://dash.upag.gov.in/assets/ag-grid.js?m=1786429220.0:0
[   27628ms] [WARNING] AG Grid: setFilterModel() - no column found for colId: 14 @ https://dash.upag.gov.in/assets/ag-grid.js?m=1786429220.0:0
[   27628ms] [WARNING] AG Grid: setFilterModel() - no column found for colId: 15 @ https://dash.upag.gov.in/assets/ag-grid.js?m=1786429220.0:0
[   27629ms] [WARNING] AG Grid: setFilterModel() - no column found for colId: 0 @ https://dash.upag.gov.in/assets/ag-grid.js?m=1786429220.0:0
[   27629ms] [WARNING] AG Grid: setFilterModel() - no column found for colId: 1 @ https://dash.upag.gov.in/assets/ag-grid.js?m=1786429220.0:0
[   27629ms] [WARNING] AG Grid: setFilterModel() - no column found for colId: 2 @ https://dash.upag.gov.in/assets/ag-grid.js?m=1786429220.0:0
[   27629ms] [WARNING] AG Grid: setFilterModel() - no column found for colId: 3 @ https://dash.upag.gov.in/assets/ag-grid.js?m=1786429220.0:0
[   27629ms] [WARNING] AG Grid: setFilterModel() - no column found for colId: 4 @ https://dash.upag.gov.in/assets/ag-grid.js?m=1786429220.0:0
[   27629ms] [WARNING] AG Grid: setFilterModel() - no column found for colId: 5 @ https://dash.upag.gov.in/assets/ag-grid.js?m=1786429220.0:0
[   27629ms] [WARNING] AG Grid: setFilterModel() - no column found for colId: 6 @ https://dash.upag.gov.in/assets/ag-grid.js?m=1786429220.0:0
[   27629ms] [WARNING] AG Grid: setFilterModel() - no column found for colId: 7 @ https://dash.upag.gov.in/assets/ag-grid.js?m=1786429220.0:0
[   27629ms] [WARNING] AG Grid: setFilterModel() - no column found for colId: 8 @ https://dash.upag.gov.in/assets/ag-grid.js?m=1786429220.0:0
[   27629ms] [WARNING] AG Grid: setFilterModel() - no column found for colId: 9 @ https://dash.upag.gov.in/assets/ag-grid.js?m=1786429220.0:0
[   27629ms] [WARNING] AG Grid: setFilterModel() - no column found for colId: 10 @ https://dash.upag.gov.in/assets/ag-grid.js?m=1786429220.0:0
[   27629ms] [WARNING] AG Grid: setFilterModel() - no column found for colId: 11 @ https://dash.upag.gov.in/assets/ag-grid.js?m=1786429220.0:0
[   27629ms] [WARNING] AG Grid: setFilterModel() - no column found for colId: 12 @ https://dash.upag.gov.in/assets/ag-grid.js?m=1786429220.0:0
[   27629ms] [WARNING] AG Grid: setFilterModel() - no column found for colId: 13 @ https://dash.upag.gov.in/assets/ag-grid.js?m=1786429220.0:0
[   27629ms] [WARNING] AG Grid: setFilterModel() - no column found for colId: 14 @ https://dash.upag.gov.in/assets/ag-grid.js?m=1786429220.0:0
[   27629ms] [WARNING] AG Grid: setFilterModel() - no column found for colId: 15 @ https://dash.upag.gov.in/assets/ag-grid.js?m=1786429220.0:0
