[     512ms] [ERROR] Failed to load resource: the server responded with a status of 404 () @ https://nhb.gov.in/OnlineClient/assets/js/modernizr-2.6.2.min.js:0
[     512ms] [ERROR] Refused to execute script from 'https://nhb.gov.in/OnlineClient/assets/js/modernizr-2.6.2.min.js' because its MIME type ('text/html') is not executable, and strict MIME type checking is enabled. @ https://nhb.gov.in/OnlineClient/rptProduction.aspx:0
[     516ms] Uncaught ReferenceError: jQuery is not defined
    at <anonymous> (https://cdnjs.cloudflare.com/ajax/libs/slick-carousel/1.5.9/slick.min.js:16:151)
    at <anonymous> (https://cdnjs.cloudflare.com/ajax/libs/slick-carousel/1.5.9/slick.min.js:16:159)
[     564ms] Unexpected token '-'
[     656ms] [ERROR] Failed to load resource: the server responded with a status of 404 () @ https://nhb.gov.in/assets/img/LogoImage_ICICIBank.png:0
[     660ms] [ERROR] Failed to load resource: the server responded with a status of 404 () @ https://nhb.gov.in/OnlineClient/assets/js/nli-index-library.min.js:0
[     660ms] [ERROR] Failed to load resource: the server responded with a status of 404 () @ https://nhb.gov.in/OnlineClient/assets/js/nli-index-custom.min.js:0
[     662ms] [ERROR] Failed to load resource: the server responded with a status of 404 () @ https://nhb.gov.in/OnlineClient/assets/js/offerZone.min.js:0
[     663ms] [ERROR] Refused to apply style from 'https://nhb.gov.in/OnlineClient/~/Style/Style.css' because its MIME type ('text/html') is not a supported stylesheet MIME type, and strict MIME checking is enabled. @ https://nhb.gov.in/OnlineClient/rptProduction.aspx:324
[     664ms] [ERROR] Failed to load resource: the server responded with a status of 404 () @ https://nhb.gov.in/OnlineClient/assets/js/offer-json.js:0
[     665ms] [ERROR] Refused to apply style from 'https://nhb.gov.in/OnlineClient/~/css/Style.css' because its MIME type ('text/html') is not a supported stylesheet MIME type, and strict MIME checking is enabled. @ https://nhb.gov.in/OnlineClient/rptProduction.aspx:325
[     672ms] [ERROR] Refused to execute script from 'https://nhb.gov.in/OnlineClient/assets/js/nli-index-library.min.js' because its MIME type ('text/html') is not executable, and strict MIME type checking is enabled. @ https://nhb.gov.in/OnlineClient/rptProduction.aspx:0
[     672ms] [ERROR] Refused to execute script from 'https://nhb.gov.in/OnlineClient/assets/js/nli-index-custom.min.js' because its MIME type ('text/html') is not executable, and strict MIME type checking is enabled. @ https://nhb.gov.in/OnlineClient/rptProduction.aspx:0
[     672ms] [ERROR] Failed to load resource: the server responded with a status of 404 () @ https://nhb.gov.in/OnlineClient/assets/js/main.js:0
[     672ms] [ERROR] Failed to load resource: the server responded with a status of 404 () @ https://nhb.gov.in/OnlineClient/assets/js/jquery-ui.min.js:0
[     672ms] [ERROR] Failed to load resource: the server responded with a status of 404 () @ https://nhb.gov.in/OnlineClient/assets/js/home-carousel.js:0
[     673ms] [ERROR] Refused to execute script from 'https://nhb.gov.in/OnlineClient/assets/js/home-carousel.js' because its MIME type ('text/html') is not executable, and strict MIME type checking is enabled. @ https://nhb.gov.in/OnlineClient/rptProduction.aspx:0
[     673ms] [ERROR] Failed to load resource: the server responded with a status of 404 () @ https://nhb.gov.in/OnlineClient/assets/js/jquery.ui.touch-punch.min.js:0
[     689ms] [ERROR] Failed to load resource: the server responded with a status of 404 () @ https://nhb.gov.in/OnlineClient/assets/js/cc-interactive-banner.js:0
[     689ms] [ERROR] Refused to execute script from 'https://nhb.gov.in/OnlineClient/assets/js/offer-json.js' because its MIME type ('text/html') is not executable, and strict MIME type checking is enabled. @ https://nhb.gov.in/OnlineClient/rptProduction.aspx:0
[     690ms] [ERROR] Refused to execute script from 'https://nhb.gov.in/OnlineClient/assets/js/offerZone.min.js' because its MIME type ('text/html') is not executable, and strict MIME type checking is enabled. @ https://nhb.gov.in/OnlineClient/rptProduction.aspx:0
[     690ms] [ERROR] Refused to execute script from 'https://nhb.gov.in/OnlineClient/assets/js/main.js' because its MIME type ('text/html') is not executable, and strict MIME type checking is enabled. @ https://nhb.gov.in/OnlineClient/rptProduction.aspx:0
[     690ms] [ERROR] Refused to execute script from 'https://nhb.gov.in/OnlineClient/assets/js/jquery-ui.min.js' because its MIME type ('text/html') is not executable, and strict MIME type checking is enabled. @ https://nhb.gov.in/OnlineClient/rptProduction.aspx:0
[     690ms] [ERROR] Refused to execute script from 'https://nhb.gov.in/OnlineClient/assets/js/jquery.ui.touch-punch.min.js' because its MIME type ('text/html') is not executable, and strict MIME type checking is enabled. @ https://nhb.gov.in/OnlineClient/rptProduction.aspx:0
[     690ms] [ERROR] Refused to execute script from 'https://nhb.gov.in/OnlineClient/assets/js/cc-interactive-banner.js' because its MIME type ('text/html') is not executable, and strict MIME type checking is enabled. @ https://nhb.gov.in/OnlineClient/rptProduction.aspx:0
[     734ms] [ERROR] Failed to load resource: the server responded with a status of 404 () @ https://nhb.gov.in/css/images/after-bottom-bg.png:0
[    2106ms] [ERROR] Failed to load resource: the server responded with a status of 404 () @ https://nhb.gov.in/favicon.ico:0
