[     187ms] Identifier 'numberToFixedDecimal' has already been declared
[     227ms] Identifier 'dataSourcedft' has already been declared
[     228ms] Identifier 'dataSourcedftsw' has already been declared
[     366ms] Identifier 'baseYear1' has already been declared
[     366ms] Identifier 'base_year' has already been declared
[     366ms] Identifier 'filterbycropcountry' has already been declared
[   54394ms] Identifier 'numberToFixedDecimal' has already been declared
[   54398ms] Identifier 'dataSourcedft' has already been declared
[   54398ms] Identifier 'dataSourcedftsw' has already been declared
[   54418ms] Identifier 'baseYear1' has already been declared
[   54420ms] Identifier 'base_year' has already been declared
[   54421ms] Identifier 'filterbycropcountry' has already been declared
[  112785ms] [LOG] JQMIGRATE: Migrate is installed, version 3.4.1 @ https://desagri.gov.in/wp-includes/js/jquery/jquery-migrate.min.js?ver=3.4.1:1
[  112848ms] TypeError: Cannot read properties of null (reading 'addEventListener')
    at https://desagri.gov.in/documents-reports/agricultural-statistics-at-a-glance/:1248:17
[  112860ms] [WARNING] jQuery.Deferred exception: Cannot read properties of undefined (reading 'length') TypeError: Cannot read properties of undefined (reading 'length')
    at new RmpMenu (https://desagri.gov.in/wp-content/plugins/responsive-menu/v4.0.0/assets/js/rmp-menu.js?ver=4.1.2:51:46)
    at HTMLDocument.<anonymous> (https://desagri.gov.in/wp-content/plugins/responsive-menu/v4.0.0/assets/js/rmp-menu.js?ver=4.1.2:359:13)
    at e (https://desagri.gov.in/wp-includes/js/jquery/jquery.min.js?ver=3.7.1:2:27028)
    at https://desagri.gov.in/wp-includes/js/jquery/jquery.min.js?ver=3.7.1:2:27330 undefined @ https://desagri.gov.in/wp-includes/js/jquery/jquery.min.js?ver=3.7.1:1
[  112872ms] [WARNING] jQuery.Deferred exception: Illegal invocation TypeError: Illegal invocation
    at e (https://desagri.gov.in/wp-includes/js/jquery/jquery.min.js?ver=3.7.1:2:27028)
    at https://desagri.gov.in/wp-includes/js/jquery/jquery.min.js?ver=3.7.1:2:27330 undefined @ https://desagri.gov.in/wp-includes/js/jquery/jquery.min.js?ver=3.7.1:1
[  112872ms] [WARNING] jQuery.Deferred exception: Illegal invocation TypeError: Illegal invocation
    at e (https://desagri.gov.in/wp-includes/js/jquery/jquery.min.js?ver=3.7.1:2:27028)
    at https://desagri.gov.in/wp-includes/js/jquery/jquery.min.js?ver=3.7.1:2:27330 undefined @ https://desagri.gov.in/wp-includes/js/jquery/jquery.min.js?ver=3.7.1:1
[  112872ms] [WARNING] jQuery.Deferred exception: Illegal invocation TypeError: Illegal invocation
    at e (https://desagri.gov.in/wp-includes/js/jquery/jquery.min.js?ver=3.7.1:2:27028)
    at https://desagri.gov.in/wp-includes/js/jquery/jquery.min.js?ver=3.7.1:2:27330 undefined @ https://desagri.gov.in/wp-includes/js/jquery/jquery.min.js?ver=3.7.1:1
[  112872ms] [WARNING] jQuery.Deferred exception: Illegal invocation TypeError: Illegal invocation
    at e (https://desagri.gov.in/wp-includes/js/jquery/jquery.min.js?ver=3.7.1:2:27028)
    at https://desagri.gov.in/wp-includes/js/jquery/jquery.min.js?ver=3.7.1:2:27330 undefined @ https://desagri.gov.in/wp-includes/js/jquery/jquery.min.js?ver=3.7.1:1
[  112873ms] TypeError: Cannot read properties of undefined (reading 'length')
    at new RmpMenu (https://desagri.gov.in/wp-content/plugins/responsive-menu/v4.0.0/assets/js/rmp-menu.js?ver=4.1.2:51:46)
    at HTMLDocument.<anonymous> (https://desagri.gov.in/wp-content/plugins/responsive-menu/v4.0.0/assets/js/rmp-menu.js?ver=4.1.2:359:13)
    at e (https://desagri.gov.in/wp-includes/js/jquery/jquery.min.js?ver=3.7.1:2:27028)
    at https://desagri.gov.in/wp-includes/js/jquery/jquery.min.js?ver=3.7.1:2:27330
[  112873ms] Error: createGallery Error: invalid html structure
    at Module.k (https://desagri.gov.in/wp-content/themes/doatheme/assets/mibreit-gallery/mibreitGallery.min.js:1:24990)
    at HTMLDocument.<anonymous> (https://desagri.gov.in/documents-reports/agricultural-statistics-at-a-glance/:1311:42)
    at e (https://desagri.gov.in/wp-includes/js/jquery/jquery.min.js?ver=3.7.1:2:27028)
    at https://desagri.gov.in/wp-includes/js/jquery/jquery.min.js?ver=3.7.1:2:27330
[  112873ms] TypeError: Illegal invocation
    at e (https://desagri.gov.in/wp-includes/js/jquery/jquery.min.js?ver=3.7.1:2:27028)
    at https://desagri.gov.in/wp-includes/js/jquery/jquery.min.js?ver=3.7.1:2:27330
[  112873ms] TypeError: Illegal invocation
    at e (https://desagri.gov.in/wp-includes/js/jquery/jquery.min.js?ver=3.7.1:2:27028)
    at https://desagri.gov.in/wp-includes/js/jquery/jquery.min.js?ver=3.7.1:2:27330
[  112873ms] TypeError: Illegal invocation
    at e (https://desagri.gov.in/wp-includes/js/jquery/jquery.min.js?ver=3.7.1:2:27028)
    at https://desagri.gov.in/wp-includes/js/jquery/jquery.min.js?ver=3.7.1:2:27330
[  112873ms] TypeError: Illegal invocation
    at e (https://desagri.gov.in/wp-includes/js/jquery/jquery.min.js?ver=3.7.1:2:27028)
    at https://desagri.gov.in/wp-includes/js/jquery/jquery.min.js?ver=3.7.1:2:27330
[  112958ms] TypeError: Cannot read properties of null (reading 'removeAttribute')
    at PopUp (https://desagri.gov.in/documents-reports/agricultural-statistics-at-a-glance/:504:47)
    at https://desagri.gov.in/documents-reports/agricultural-statistics-at-a-glance/:508:9
